#-----------------------------------------------------------
# Vivado v2018.2 (64-bit)
# SW Build 2258646 on Thu Jun 14 20:03:12 MDT 2018
# IP Build 2256618 on Thu Jun 14 22:10:49 MDT 2018
# Start of session at: Sat Dec  1 12:07:25 2018
# Process ID: 9732
# Current directory: D:/nicol/Documents/GitHub/ProjetVision/VHDL/Segmentation+detectionCentre/ZYBO_HDMI_MGA/project_1
# Command line: vivado.exe -gui_launcher_event rodinguilauncherevent8896 D:\nicol\Documents\GitHub\ProjetVision\VHDL\Segmentation+detectionCentre\ZYBO_HDMI_MGA\project_1\project_1.xpr
# Log file: D:/nicol/Documents/GitHub/ProjetVision/VHDL/Segmentation+detectionCentre/ZYBO_HDMI_MGA/project_1/vivado.log
# Journal file: D:/nicol/Documents/GitHub/ProjetVision/VHDL/Segmentation+detectionCentre/ZYBO_HDMI_MGA/project_1\vivado.jou
#-----------------------------------------------------------
start_gui
open_project D:/nicol/Documents/GitHub/ProjetVision/VHDL/Segmentation+detectionCentre/ZYBO_HDMI_MGA/project_1/project_1.xpr
update_compile_order -fileset sources_1
launch_simulation
open_wave_config D:/nicol/Documents/GitHub/ProjetVision/VHDL/Segmentation+detectionCentre/ZYBO_HDMI_MGA/project_1/detection_centre_wrapper_behav.wcfg
source divideur_Nbit_by_Mbits.tcl
close_sim
launch_simulation
open_wave_config D:/nicol/Documents/GitHub/ProjetVision/VHDL/Segmentation+detectionCentre/ZYBO_HDMI_MGA/project_1/detection_centre_wrapper_behav.wcfg
source divideur_Nbit_by_Mbits.tcl
restart
add_force {/divideur_Nbit_by_Mbits/Diviseur} -radix hex {3 0ns}
add_force {/divideur_Nbit_by_Mbits/Dividende} -radix hex {9 0ns}
run 10 us
restart
save_wave_config {D:/nicol/Documents/GitHub/ProjetVision/VHDL/Segmentation+detectionCentre/ZYBO_HDMI_MGA/project_1/detection_centre_wrapper_behav.wcfg}
close_sim
launch_simulation
open_wave_config D:/nicol/Documents/GitHub/ProjetVision/VHDL/Segmentation+detectionCentre/ZYBO_HDMI_MGA/project_1/detection_centre_wrapper_behav.wcfg
source divideur_Nbit_by_Mbits.tcl
restart
add_force {/divideur_Nbit_by_Mbits/Diviseur} -radix hex {3 0ns}
add_force {/divideur_Nbit_by_Mbits/Dividende} -radix hex {9 0ns}
run 10 ns
close_sim
launch_simulation
open_wave_config D:/nicol/Documents/GitHub/ProjetVision/VHDL/Segmentation+detectionCentre/ZYBO_HDMI_MGA/project_1/detection_centre_wrapper_behav.wcfg
source divideur_Nbit_by_Mbits.tcl
close_sim
launch_simulation
open_wave_config D:/nicol/Documents/GitHub/ProjetVision/VHDL/Segmentation+detectionCentre/ZYBO_HDMI_MGA/project_1/detection_centre_wrapper_behav.wcfg
source divideur_Nbit_by_Mbits.tcl
restart
add_force {/divideur_Nbit_by_Mbits/Diviseur} -radix hex {3 0ns}
add_force {/divideur_Nbit_by_Mbits/Dividende} -radix hex {9 0ns}
run 10 ns
close_sim
launch_simulation
open_wave_config D:/nicol/Documents/GitHub/ProjetVision/VHDL/Segmentation+detectionCentre/ZYBO_HDMI_MGA/project_1/detection_centre_wrapper_behav.wcfg
source divideur_Nbit_by_Mbits.tcl
run 10 ns
add_force {/divideur_Nbit_by_Mbits/Diviseur} -radix hex {3 0ns}
add_force {/divideur_Nbit_by_Mbits/Dividende} -radix hex {9 0ns}
run 10 ns
run 10 ns
restart
run 10 ns
reset_run synth_1
launch_runs synth_1 -jobs 4
wait_on_run synth_1
launch_simulation -mode post-synthesis -type functional
open_wave_config D:/nicol/Documents/GitHub/ProjetVision/VHDL/Segmentation+detectionCentre/ZYBO_HDMI_MGA/project_1/detection_centre_wrapper_behav.wcfg
source divideur_Nbit_by_Mbits.tcl
add_force {/divideur_Nbit_by_Mbits/Diviseur} -radix hex {1 0ns}
add_force {/divideur_Nbit_by_Mbits/Dividende} -radix hex {4 0ns}
run 10 ns
current_sim simulation_6
close_sim
launch_simulation
open_wave_config D:/nicol/Documents/GitHub/ProjetVision/VHDL/Segmentation+detectionCentre/ZYBO_HDMI_MGA/project_1/detection_centre_wrapper_behav.wcfg
source divideur_Nbit_by_Mbits.tcl
add_force {/divideur_Nbit_by_Mbits/Diviseur} -radix hex {3 0ns}
add_force {/divideur_Nbit_by_Mbits/Dividende} -radix hex {10 0ns}
run 10 ns
close_sim
close_sim
check_syntax
export_ip_user_files -of_objects  [get_files D:/nicol/Documents/GitHub/ProjetVision/VHDL/Segmentation+detectionCentre/ZYBO_HDMI_MGA/project_1/project_1.srcs/sources_1/new/Moyenneur_3x1.vhd] -no_script -reset -force -quiet
export_ip_user_files -of_objects  [get_files D:/nicol/Documents/GitHub/ProjetVision/VHDL/Segmentation+detectionCentre/ZYBO_HDMI_MGA/project_1/project_1.srcs/sources_1/new/Filtrage.vhd] -no_script -reset -force -quiet
remove_files  {D:/nicol/Documents/GitHub/ProjetVision/VHDL/Segmentation+detectionCentre/ZYBO_HDMI_MGA/project_1/project_1.srcs/sources_1/new/Moyenneur_3x1.vhd D:/nicol/Documents/GitHub/ProjetVision/VHDL/Segmentation+detectionCentre/ZYBO_HDMI_MGA/project_1/project_1.srcs/sources_1/new/Filtrage.vhd}
check_syntax
launch_simulation
open_wave_config D:/nicol/Documents/GitHub/ProjetVision/VHDL/Segmentation+detectionCentre/ZYBO_HDMI_MGA/project_1/detection_centre_wrapper_behav.wcfg
source divideur_Nbit_by_Mbits.tcl
add_force {/divideur_Nbit_by_Mbits/Diviseur} -radix hex {3 0ns}
add_force {/divideur_Nbit_by_Mbits/Dividende} -radix hex {A 0ns}
run 10 ns
run 10 ns
run 10 ns
close_sim
launch_simulation
open_wave_config D:/nicol/Documents/GitHub/ProjetVision/VHDL/Segmentation+detectionCentre/ZYBO_HDMI_MGA/project_1/detection_centre_wrapper_behav.wcfg
source divideur_Nbit_by_Mbits.tcl
add_force {/divideur_Nbit_by_Mbits/Dividende} -radix hex {A 0ns}
add_force {/divideur_Nbit_by_Mbits/Diviseur} -radix hex {3 0ns}
run 10 ns
close_sim
