#-----------------------------------------------------------
# Vivado v2018.2.1 (64-bit)
# SW Build 2288692 on Thu Jul 26 18:24:02 MDT 2018
# IP Build 2289599 on Thu Jul 26 21:09:20 MDT 2018
# Start of session at: Fri Nov 16 13:54:03 2018
# Process ID: 3880
# Current directory: E:/Conception de systemes VLSI/Laboratoire 4/ZYBO_HDMI_MGA/project_1
# Command line: vivado.exe -gui_launcher_event rodinguilauncherevent3704 E:\Conception de systemes VLSI\Laboratoire 4\ZYBO_HDMI_MGA\project_1\project_1.xpr
# Log file: E:/Conception de systemes VLSI/Laboratoire 4/ZYBO_HDMI_MGA/project_1/vivado.log
# Journal file: E:/Conception de systemes VLSI/Laboratoire 4/ZYBO_HDMI_MGA/project_1\vivado.jou
#-----------------------------------------------------------
start_gui
open_project {E:/Conception de systemes VLSI/Laboratoire 4/ZYBO_HDMI_MGA/project_1/project_1.xpr}
update_compile_order -fileset sources_1
open_bd_design {E:/Conception de systemes VLSI/Laboratoire 4/ZYBO_HDMI_MGA/project_1/project_1.srcs/sources_1/bd/HDMI_bd/HDMI_bd.bd}
export_ip_user_files -of_objects  [get_files {{E:/Conception de systemes VLSI/Laboratoire 4/ZYBO_HDMI_MGA/project_1/project_1.srcs/sources_1/new/filter_D.vhd}}] -no_script -reset -force -quiet
remove_files  {{E:/Conception de systemes VLSI/Laboratoire 4/ZYBO_HDMI_MGA/project_1/project_1.srcs/sources_1/new/filter_D.vhd}}
close [ open {E:/Conception de systemes VLSI/Laboratoire 4/ZYBO_HDMI_MGA/project_1/project_1.srcs/sources_1/new/Filtrage.vhd} w ]
add_files {{E:/Conception de systemes VLSI/Laboratoire 4/ZYBO_HDMI_MGA/project_1/project_1.srcs/sources_1/new/Filtrage.vhd}}
update_compile_order -fileset sources_1
close [ open {E:/Conception de systemes VLSI/Laboratoire 4/ZYBO_HDMI_MGA/project_1/project_1.srcs/sources_1/new/Moyenneur_3x1.vhd} w ]
add_files {{E:/Conception de systemes VLSI/Laboratoire 4/ZYBO_HDMI_MGA/project_1/project_1.srcs/sources_1/new/Moyenneur_3x1.vhd}}
update_compile_order -fileset sources_1
create_bd_cell -type module -reference Filtrage Filtrage_0
set_property location {3 1274 310} [get_bd_cells Filtrage_0]
connect_bd_net [get_bd_pins dvi2rgb_0/vid_pData] [get_bd_pins Filtrage_0/RGBin]
connect_bd_net [get_bd_pins Filtrage_0/RGBout] [get_bd_pins rgb2dvi_0/vid_pData]
connect_bd_net [get_bd_pins xlconstant_0/dout] [get_bd_pins Filtrage_0/RESET]
connect_bd_net [get_bd_pins xlconstant_1/dout] [get_bd_pins Filtrage_0/EN]
connect_bd_net [get_bd_pins dvi2rgb_0/PixelClk] [get_bd_pins Filtrage_0/CLK]
validate_bd_design
save_bd_design
reset_run synth_1
update_compile_order -fileset sources_1
launch_runs impl_1 -to_step write_bitstream -jobs 8
wait_on_run impl_1
update_module_reference HDMI_bd_Filtrage_0_0
reset_run synth_1
launch_runs impl_1 -to_step write_bitstream -jobs 8
wait_on_run impl_1
open_hw
connect_hw_server
open_hw_target
set_property PROGRAM.FILE {E:/Conception de systemes VLSI/Laboratoire 4/ZYBO_HDMI_MGA/project_1/project_1.runs/impl_1/HDMI_bd_wrapper.bit} [get_hw_devices xc7z020_1]
current_hw_device [get_hw_devices xc7z020_1]
refresh_hw_device -update_hw_probes false [lindex [get_hw_devices xc7z020_1] 0]
set_property PROBES.FILE {} [get_hw_devices xc7z020_1]
set_property FULL_PROBES.FILE {} [get_hw_devices xc7z020_1]
set_property PROGRAM.FILE {E:/Conception de systemes VLSI/Laboratoire 4/ZYBO_HDMI_MGA/project_1/project_1.runs/impl_1/HDMI_bd_wrapper.bit} [get_hw_devices xc7z020_1]
program_hw_devices [get_hw_devices xc7z020_1]
refresh_hw_device [lindex [get_hw_devices xc7z020_1] 0]
set_property PROBES.FILE {} [get_hw_devices xc7z020_1]
set_property FULL_PROBES.FILE {} [get_hw_devices xc7z020_1]
set_property PROGRAM.FILE {E:/Conception de systemes VLSI/Laboratoire 4/ZYBO_HDMI_MGA/project_1/project_1.runs/impl_1/HDMI_bd_wrapper.bit} [get_hw_devices xc7z020_1]
program_hw_devices [get_hw_devices xc7z020_1]
refresh_hw_device [lindex [get_hw_devices xc7z020_1] 0]
close_hw
update_module_reference HDMI_bd_Filtrage_0_0
reset_run synth_1
launch_runs impl_1 -to_step write_bitstream -jobs 8
wait_on_run impl_1
open_hw
connect_hw_server
open_hw_target
set_property PROGRAM.FILE {E:/Conception de systemes VLSI/Laboratoire 4/ZYBO_HDMI_MGA/project_1/project_1.runs/impl_1/HDMI_bd_wrapper.bit} [get_hw_devices xc7z020_1]
current_hw_device [get_hw_devices xc7z020_1]
refresh_hw_device -update_hw_probes false [lindex [get_hw_devices xc7z020_1] 0]
set_property PROBES.FILE {} [get_hw_devices xc7z020_1]
set_property FULL_PROBES.FILE {} [get_hw_devices xc7z020_1]
set_property PROGRAM.FILE {E:/Conception de systemes VLSI/Laboratoire 4/ZYBO_HDMI_MGA/project_1/project_1.runs/impl_1/HDMI_bd_wrapper.bit} [get_hw_devices xc7z020_1]
program_hw_devices [get_hw_devices xc7z020_1]
refresh_hw_device [lindex [get_hw_devices xc7z020_1] 0]
set_property PROBES.FILE {} [get_hw_devices xc7z020_1]
set_property FULL_PROBES.FILE {} [get_hw_devices xc7z020_1]
set_property PROGRAM.FILE {E:/Conception de systemes VLSI/Laboratoire 4/ZYBO_HDMI_MGA/project_1/project_1.runs/impl_1/HDMI_bd_wrapper.bit} [get_hw_devices xc7z020_1]
program_hw_devices [get_hw_devices xc7z020_1]
refresh_hw_device [lindex [get_hw_devices xc7z020_1] 0]
close_hw
update_module_reference HDMI_bd_Filtrage_0_0
reset_run synth_1
launch_runs impl_1 -to_step write_bitstream -jobs 8
wait_on_run impl_1
open_hw
connect_hw_server
open_hw_target
set_property PROGRAM.FILE {E:/Conception de systemes VLSI/Laboratoire 4/ZYBO_HDMI_MGA/project_1/project_1.runs/impl_1/HDMI_bd_wrapper.bit} [get_hw_devices xc7z020_1]
current_hw_device [get_hw_devices xc7z020_1]
refresh_hw_device -update_hw_probes false [lindex [get_hw_devices xc7z020_1] 0]
set_property PROBES.FILE {} [get_hw_devices xc7z020_1]
set_property FULL_PROBES.FILE {} [get_hw_devices xc7z020_1]
set_property PROGRAM.FILE {E:/Conception de systemes VLSI/Laboratoire 4/ZYBO_HDMI_MGA/project_1/project_1.runs/impl_1/HDMI_bd_wrapper.bit} [get_hw_devices xc7z020_1]
program_hw_devices [get_hw_devices xc7z020_1]
refresh_hw_device [lindex [get_hw_devices xc7z020_1] 0]
close_hw
close [ open {E:/Conception de systemes VLSI/Laboratoire 4/ZYBO_HDMI_MGA/project_1/project_1.srcs/sources_1/new/Seuillage.vhd} w ]
add_files {{E:/Conception de systemes VLSI/Laboratoire 4/ZYBO_HDMI_MGA/project_1/project_1.srcs/sources_1/new/Seuillage.vhd}}
update_compile_order -fileset sources_1
update_module_reference HDMI_bd_Filtrage_0_0
update_module_reference HDMI_bd_Filtrage_0_0
reset_run synth_1
launch_runs impl_1 -to_step write_bitstream -jobs 8
wait_on_run impl_1
open_hw
connect_hw_server
open_hw_target
set_property PROGRAM.FILE {E:/Conception de systemes VLSI/Laboratoire 4/ZYBO_HDMI_MGA/project_1/project_1.runs/impl_1/HDMI_bd_wrapper.bit} [get_hw_devices xc7z020_1]
current_hw_device [get_hw_devices xc7z020_1]
refresh_hw_device -update_hw_probes false [lindex [get_hw_devices xc7z020_1] 0]
set_property PROBES.FILE {} [get_hw_devices xc7z020_1]
set_property FULL_PROBES.FILE {} [get_hw_devices xc7z020_1]
set_property PROGRAM.FILE {E:/Conception de systemes VLSI/Laboratoire 4/ZYBO_HDMI_MGA/project_1/project_1.runs/impl_1/HDMI_bd_wrapper.bit} [get_hw_devices xc7z020_1]
program_hw_devices [get_hw_devices xc7z020_1]
refresh_hw_device [lindex [get_hw_devices xc7z020_1] 0]
