#-----------------------------------------------------------
# Vivado v2018.2.1 (64-bit)
# SW Build 2288692 on Thu Jul 26 18:24:02 MDT 2018
# IP Build 2289599 on Thu Jul 26 21:09:20 MDT 2018
# Start of session at: Fri Nov 16 13:29:18 2018
# Process ID: 8852
# Current directory: E:/Conception de systemes VLSI/Laboratoire 4/ZYBO_HDMI_MGA/project_1
# Command line: vivado.exe -gui_launcher_event rodinguilauncherevent8516 E:\Conception de systemes VLSI\Laboratoire 4\ZYBO_HDMI_MGA\project_1\project_1.xpr
# Log file: E:/Conception de systemes VLSI/Laboratoire 4/ZYBO_HDMI_MGA/project_1/vivado.log
# Journal file: E:/Conception de systemes VLSI/Laboratoire 4/ZYBO_HDMI_MGA/project_1\vivado.jou
#-----------------------------------------------------------
start_gui
open_project {E:/Conception de systemes VLSI/Laboratoire 4/ZYBO_HDMI_MGA/project_1/project_1.xpr}
update_compile_order -fileset sources_1
open_bd_design {E:/Conception de systemes VLSI/Laboratoire 4/ZYBO_HDMI_MGA/project_1/project_1.srcs/sources_1/bd/HDMI_bd/HDMI_bd.bd}
delete_bd_objs [get_bd_cells fir_compiler_0]
delete_bd_objs [get_bd_cells Top_RGB2Y_0]
update_compile_order -fileset sources_1
export_ip_user_files -of_objects  [get_files {{E:/Conception de systemes VLSI/Laboratoire 4/ZYBO_HDMI_MGA/project_1/project_1.srcs/sources_1/imports/new/Top_level.vhd}}] -no_script -reset -force -quiet
remove_files  {{E:/Conception de systemes VLSI/Laboratoire 4/ZYBO_HDMI_MGA/project_1/project_1.srcs/sources_1/imports/new/Top_level.vhd}}
save_bd_design
