#-----------------------------------------------------------
# Vivado v2018.2.1 (64-bit)
# SW Build 2288692 on Thu Jul 26 18:24:02 MDT 2018
# IP Build 2289599 on Thu Jul 26 21:09:20 MDT 2018
# Start of session at: Sat Nov 24 00:40:55 2018
# Process ID: 3356
# Current directory: E:/VLSI/Projet/Segmentation+detectionCentre/ZYBO_HDMI_MGA/project_1
# Command line: vivado.exe -gui_launcher_event rodinguilauncherevent5580 E:\VLSI\Projet\Segmentation+detectionCentre\ZYBO_HDMI_MGA\project_1\project_1.xpr
# Log file: E:/VLSI/Projet/Segmentation+detectionCentre/ZYBO_HDMI_MGA/project_1/vivado.log
# Journal file: E:/VLSI/Projet/Segmentation+detectionCentre/ZYBO_HDMI_MGA/project_1\vivado.jou
#-----------------------------------------------------------
start_gui
open_project E:/VLSI/Projet/Segmentation+detectionCentre/ZYBO_HDMI_MGA/project_1/project_1.xpr
open_bd_design {E:/VLSI/Projet/Segmentation+detectionCentre/ZYBO_HDMI_MGA/project_1/project_1.srcs/sources_1/bd/HDMI_bd/HDMI_bd.bd}
update_compile_order -fileset sources_1
create_bd_cell -type module -reference Seuillage Segmentation/Seuillage_1
delete_bd_objs [get_bd_nets Segmentation/Seuillage_0_OUTPUT] [get_bd_nets Segmentation/abs_8bits_signed_0_OUTPUT] [get_bd_cells Segmentation/Seuillage_0]
connect_bd_net [get_bd_pins Segmentation/abs_8bits_signed_0/OUTPUT] [get_bd_pins Segmentation/Seuillage_1/INPUT]
connect_bd_net [get_bd_pins Segmentation/PixelNoirBanc] [get_bd_pins Segmentation/Seuillage_1/OUTPUT]
delete_bd_objs [get_bd_nets Segmentation/Seuillage_1_OUTPUT]
connect_bd_net [get_bd_pins Segmentation/PixelNoirBanc] [get_bd_pins Segmentation/Seuillage_1/OUTPUT]
delete_bd_objs [get_bd_nets Segmentation_PixelNoirBanc] [get_bd_nets Segmentation/Seuillage_1_OUTPUT] [get_bd_pins Segmentation/PixelNoirBanc]
undo
delete_bd_objs [get_bd_nets Moyenneur_ouput] [get_bd_nets Segmentation_PixelNoirBanc] [get_bd_cells Segmentation]
undo
undo
redo
redo
update_compile_order -fileset sources_1
undo
redo
undo
set_property location {4.5 1453 768} [get_bd_cells Segmentation]
update_compile_order -fileset sources_1
delete_bd_objs [get_bd_nets Segmentation_PixelNoirBanc] [get_bd_nets Segmentation/Seuillage_1_OUTPUT] [get_bd_pins Segmentation/PixelNoirBanc]
connect_bd_net [get_bd_pins Segmentation/Seuillage_1/OUTPUT] [get_bd_pins rgb2dvi_0/vid_pData]
delete_bd_objs [get_bd_nets Segmentation_OUTPUT1]
create_bd_cell -type module -reference Seuillage Seuillage_0
move_bd_cells [get_bd_cells Segmentation] [get_bd_cells Seuillage_0]
delete_bd_objs [get_bd_cells Segmentation/Seuillage_0]
delete_bd_objs [get_bd_nets Segmentation/Seuillage_1_OUTPUT] [get_bd_nets Segmentation/abs_8bits_signed_0_OUTPUT] [get_bd_cells Segmentation/Seuillage_1]
create_bd_cell -type module -reference Seuillage Seuillage_0
delete_bd_objs [get_bd_cells Seuillage_0]
update_module_reference HDMI_bd_Filtrage_0_0
update_module_reference {HDMI_bd_Seuillage_0_0 HDMI_bd_Seuillage_0_1 HDMI_bd_Seuillage_0_2 HDMI_bd_Seuillage_1_0}
create_bd_cell -type module -reference Seuillage Segmentation/Seuillage_0
move_bd_cells [get_bd_cells /] [get_bd_cells Segmentation/Seuillage_0]
move_bd_cells [get_bd_cells Segmentation] [get_bd_cells Seuillage_0]
connect_bd_net [get_bd_pins Segmentation/abs_8bits_signed_0/OUTPUT] [get_bd_pins Segmentation/Seuillage_0/INPUT]
set_property location {6.5 2611 895} [get_bd_cells Segmentation/Seuillage_0]
move_bd_cells [get_bd_cells /] [get_bd_cells Segmentation/Seuillage_0]
set_property USER_COMMENTS.comment_0 {}  [current_bd_design]
move_bd_cells [get_bd_cells Segmentation] [get_bd_cells Seuillage_0]
connect_bd_net [get_bd_pins rgb2dvi_0/vid_pData] [get_bd_pins Segmentation/Seuillage_0/OUTPUT2]
connect_bd_net [get_bd_pins Segmentation/OUTPUT1] [get_bd_pins Segmentation/Seuillage_0/OUTPUT1]
delete_bd_objs [get_bd_nets Segmentation/Seuillage_0_OUTPUT1] [get_bd_pins Segmentation/OUTPUT1]
save_bd_design
