#-----------------------------------------------------------
# Vivado v2018.2 (64-bit)
# SW Build 2258646 on Thu Jun 14 20:03:12 MDT 2018
# IP Build 2256618 on Thu Jun 14 22:10:49 MDT 2018
# Start of session at: Tue Nov 20 00:57:23 2018
# Process ID: 4832
# Current directory: D:/nicol/Documents/GitHub/ProjetVision/VHDL/ZYBO_HDMI_MGA/project_1
# Command line: vivado.exe -gui_launcher_event rodinguilauncherevent12468 D:\nicol\Documents\GitHub\ProjetVision\VHDL\ZYBO_HDMI_MGA\project_1\project_1.xpr
# Log file: D:/nicol/Documents/GitHub/ProjetVision/VHDL/ZYBO_HDMI_MGA/project_1/vivado.log
# Journal file: D:/nicol/Documents/GitHub/ProjetVision/VHDL/ZYBO_HDMI_MGA/project_1\vivado.jou
#-----------------------------------------------------------
start_gui
open_project D:/nicol/Documents/GitHub/ProjetVision/VHDL/ZYBO_HDMI_MGA/project_1/project_1.xpr
update_compile_order -fileset sources_1
open_bd_design {D:/nicol/Documents/GitHub/ProjetVision/VHDL/ZYBO_HDMI_MGA/project_1/project_1.srcs/sources_1/bd/design_gaussian_filter/design_gaussian_filter.bd}
open_bd_design {D:/nicol/Documents/GitHub/ProjetVision/VHDL/ZYBO_HDMI_MGA/project_1/project_1.srcs/sources_1/bd/HDMI_bd/HDMI_bd.bd}
